ts-jest[ts-jest-transformer] (WARN) Define `ts-jest` config under `globals` is deprecated. Please do
transform: {
    <transform_regex>: ['ts-jest', { /* ts-jest config goes here in Jest */ }],
},
See more at https://kulshekhar.github.io/ts-jest/docs/getting-started/presets#advanced
FAIL test/jqnode/traversal-methods/sibling/prevAll.test.ts
  prevAll() method
    ΓêÜ prevAll() should get all preceding siblings (5 ms)
    ΓêÜ prevAll() should work with selector filter (2 ms)
    ΓêÜ prevAll() should work with class selector (1 ms)
    ΓêÜ prevAll() should work with tag selector (1 ms)
    ΓêÜ prevAll() should return empty for first element
    ΓêÜ prevAll() should work with multiple elements
    ΓêÜ prevAll() should skip non-element siblings (2 ms)
    ΓêÜ prevAll() should return empty when selector matches nothing
    ΓêÜ prevAll() should return empty for elements with no preceding siblings
    ΓêÜ prevAll() should work on empty collection
    ΓêÜ prevAll() should work with complex selectors (2 ms)
    ΓêÜ prevAll() should work with attribute selectors (6 ms)
    ΓêÜ prevAll() should work with ID selectors
    ΓêÜ prevAll() should maintain proper order (document order)
    ├ù prevAll() should handle mixed element types correctly (3 ms)
    ΓêÜ prevAll() should return different results for different starting positions (1 ms)
    ΓêÜ prevAll() should work with elements that have no parent
    ΓêÜ prevAll() should work with multiple selectors in filter (1 ms)
    ΓêÜ prevAll() should work with the seventh element (single child in different container)
    ├ù prevAll() should handle elements with same parent correctly (1 ms)

  ΓùÅ prevAll() method ΓÇ║ prevAll() should handle mixed element types correctly

    expect(received).toEqual(expected) // deep equality

    - Expected  - 3
    + Received  + 3

      Array [
    -   "Div 1",
    -   "Div 2",
    -   "Div 3",
    +   undefined,
    +   undefined,
    +   undefined,
      ]

      204 |         expect(prevSiblings.nodes).toHaveLength(3);
      205 |         const divValues = prevSiblings.nodes.map((node: HtmlNode) => node.children?.[0]?.value);
    > 206 |         expect(divValues).toEqual(['Div 1', 'Div 2', 'Div 3']);
          |                           ^
      207 |     });
      208 |
      209 |     test('prevAll() should return different results for different starting positions', () => {

      at Object.<anonymous> (test/jqnode/traversal-methods/sibling/prevAll.test.ts:206:27)

  ΓùÅ prevAll() method ΓÇ║ prevAll() should handle elements with same parent correctly

    expect(received).toEqual(expected) // deep equality

    - Expected  - 2
    + Received  + 2

      Array [
    -   "Child 1",
    -   "Child 2",
    +   undefined,
    +   undefined,
      ]

      261 |         expect(prevSiblings.nodes).toHaveLength(2);
      262 |         const childValues = prevSiblings.nodes.map((node: HtmlNode) => node.children[0].value);
    > 263 |         expect(childValues).toEqual(['Child 1', 'Child 2']);
          |                             ^
      264 |     });
      265 | });
      266 |

      at Object.<anonymous> (test/jqnode/traversal-methods/sibling/prevAll.test.ts:263:29)

Test Suites: 1 failed, 1 total
Tests:       2 failed, 18 passed, 20 total
Snapshots:   0 total
Time:        1.133 s
Ran all test suites matching test/jqnode/traversal-methods/sibling/prevAll.test.ts.
